[backblue.gif]
[fade.gif]
[index.html]
[html.designingmedia.com/energox/assets/images/favicon/apple-icon-57x57.png]
[html.designingmedia.com/energox/assets/images/favicon/apple-icon-60x60.png]
[html.designingmedia.com/energox/assets/images/favicon/apple-icon-72x72.png]
[html.designingmedia.com/energox/assets/images/favicon/apple-icon-76x76.png]
[html.designingmedia.com/energox/assets/images/favicon/apple-icon-114x114.png]
[html.designingmedia.com/energox/assets/images/favicon/apple-icon-120x120.png]
[html.designingmedia.com/energox/assets/images/favicon/apple-icon-144x144.png]
[html.designingmedia.com/energox/assets/images/favicon/apple-icon-152x152.png]
[html.designingmedia.com/energox/assets/images/favicon/apple-icon-180x180.png]
[html.designingmedia.com/energox/assets/images/favicon/android-icon-192x192.png]
[html.designingmedia.com/energox/assets/images/favicon/favicon-32x32.png]
[html.designingmedia.com/energox/assets/images/favicon/favicon-96x96.png]
[html.designingmedia.com/energox/assets/images/favicon/favicon-16x16.png]
[html.designingmedia.com/energox/assets/images/favicon/manifest.json]
[html.designingmedia.com/energox/assets/js/bootstrap.min.js]
[cdnjs.cloudflare.com/ajax/libs/font-awesome/6.5.1/css/all.min.css]
[html.designingmedia.com/energox/assets/images/logo.png]
[html.designingmedia.com/energox/assets/images/aboutpage-image.jpg]
[html.designingmedia.com/energox/assets/images/about-rectangleimage.png]
[html.designingmedia.com/energox/assets/images/aboutpage-icon.png]
[html.designingmedia.com/energox/assets/images/safety-leftsideboxes.png]
[html.designingmedia.com/energox/assets/images/safety-rightsideboxes.png]
[html.designingmedia.com/energox/assets/video/video_preview_h264.mp4]
[html.designingmedia.com/energox/assets/images/aboutsafety-playicon.png]
[html.designingmedia.com/energox/assets/images/team-image1.jpg]
[html.designingmedia.com/energox/assets/images/team-image2.jpg]
[html.designingmedia.com/energox/assets/images/team-image3.jpg]
[html.designingmedia.com/energox/assets/images/team-image4.jpg]
[html.designingmedia.com/energox/assets/images/testimonial-personimage4.jpg]
[html.designingmedia.com/energox/assets/images/testimonial-personimage5.jpg]
[html.designingmedia.com/energox/assets/js/jquery-3.7.1.min.js]
[html.designingmedia.com/energox/assets/js/popper.min.js]
[html.designingmedia.com/energox/assets/js/aos.js]
[html.designingmedia.com/energox/assets/js/owl.carousel.js]
[html.designingmedia.com/energox/assets/js/carousel.js]
[html.designingmedia.com/energox/assets/js/animation.js]
[html.designingmedia.com/energox/assets/js/video-popup.js]
[html.designingmedia.com/energox/assets/js/video.js]
[html.designingmedia.com/energox/assets/js/back-to-top-button.js]
[html.designingmedia.com/energox/assets/js/preloader.js]
[html.designingmedia.com/energox/assets/js/counter.js]
[html.designingmedia.com/energox/assets/js/search.js]
[html.designingmedia.com/energox/about.html]
[html.designingmedia.com/ms-icon-144x144.html]
[html.designingmedia.com/energox/assets/bootstrap/bootstrap.min.css]
[cdnjs.cloudflare.com/ajax/libs/font-awesome/6.5.1/css/all.min.css]
[html.designingmedia.com/energox/assets/images/nav-node.png]
[html.designingmedia.com/energox/assets/images/nav-node-hover.png]
[html.designingmedia.com/energox/assets/images/banner-leftbackground.jpg]
[html.designingmedia.com/energox/assets/images/banner-rightbackground.jpg]
[html.designingmedia.com/energox/assets/images/service-boxhoverimage.jpg]
[html.designingmedia.com/energox/assets/images/safety-backgroundimage.jpg]
[html.designingmedia.com/energox/assets/images/choose-image.jpg]
[html.designingmedia.com/energox/assets/images/choose-backgroundimage.jpg]
[html.designingmedia.com/energox/assets/images/subbanner-backgroundimage.jpg]
[html.designingmedia.com/energox/assets/images/aboutsafety-backgroundimage.jpg]
[html.designingmedia.com/energox/assets/images/solution-backgroundimage.jpg]
[html.designingmedia.com/energox/assets/images/banner2-topbackground.jpg]
[html.designingmedia.com/energox/assets/images/banner2-bottombackground.png]
[html.designingmedia.com/energox/assets/images/testimonial2-backgroundimage.jpg]
[html.designingmedia.com/energox/assets/images/banner3-background.jpg]
[html.designingmedia.com/energox/assets/images/nav-node-hover2.png]
[html.designingmedia.com/energox/assets/css/style.css]
[html.designingmedia.com/energox/assets/css/responsive.css]
[html.designingmedia.com/energox/assets/css/owl.carousel.min.css]
[html.designingmedia.com/energox/assets/css/owl.theme.default.min.css]
[html.designingmedia.com/energox/assets/css/aos.css]
[html.designingmedia.com/energox/assets/css/magnific-popup.css]
[html.designingmedia.com/energox/assets/images/banner-playicon.png]
[html.designingmedia.com/energox/assets/images/about-sideswitch.png]
[html.designingmedia.com/energox/assets/images/about-image.jpg]
[html.designingmedia.com/energox/assets/images/service-icon1.png]
[html.designingmedia.com/energox/assets/images/service-icon2.png]
[html.designingmedia.com/energox/assets/images/service-icon3.png]
[html.designingmedia.com/energox/assets/images/service-icon4.png]
[html.designingmedia.com/energox/assets/images/service-icon5.png]
[html.designingmedia.com/energox/assets/images/service-icon6.png]
[html.designingmedia.com/energox/assets/images/feature-icon1.png]
[html.designingmedia.com/energox/assets/images/feature-icon2.png]
[html.designingmedia.com/energox/assets/images/feature-image.png]
[html.designingmedia.com/energox/assets/images/feature-icon3.png]
[html.designingmedia.com/energox/assets/images/feature-icon4.png]
[html.designingmedia.com/energox/assets/images/testimonial-starimage.png]
[html.designingmedia.com/energox/assets/images/testimonial-personimage1.jpg]
[html.designingmedia.com/energox/assets/images/testimonial-personimage2.jpg]
[html.designingmedia.com/energox/assets/images/testimonial-personimage3.jpg]
[html.designingmedia.com/energox/index.html]
[html.designingmedia.com/energox/assets/images/banner-dropdownimage.png]
[html.designingmedia.com/energox/assets/images/service2-image1.jpg]
[html.designingmedia.com/energox/assets/images/service2-icon1.png]
[html.designingmedia.com/energox/assets/images/service2-image2.jpg]
[html.designingmedia.com/energox/assets/images/service2-icon2.png]
[html.designingmedia.com/energox/assets/images/service2-image3.jpg]
[html.designingmedia.com/energox/assets/images/service2-icon3.png]
[html.designingmedia.com/energox/assets/images/about2-image.jpg]
[html.designingmedia.com/energox/assets/images/testimonial2-leftquote.png]
[html.designingmedia.com/energox/assets/images/testimonial2-rightquote.png]
[html.designingmedia.com/energox/assets/images/testimonial2-personimage1.jpg]
[html.designingmedia.com/energox/assets/images/testimonial2-personimage2.jpg]
[html.designingmedia.com/energox/assets/images/testimonial2-personimage3.jpg]
[html.designingmedia.com/energox/assets/images/article-image1.jpg]
[html.designingmedia.com/energox/assets/images/article-image2.jpg]
[html.designingmedia.com/energox/assets/images/article-image3.jpg]
[html.designingmedia.com/energox/index1.html]
[html.designingmedia.com/energox/assets/images/banner3-logo.png]
[html.designingmedia.com/energox/assets/images/banner3-image.jpg]
[html.designingmedia.com/energox/assets/images/about3-image1.jpg]
[html.designingmedia.com/energox/assets/images/about3-image2.jpg]
[html.designingmedia.com/energox/assets/images/about3-icon.png]
[html.designingmedia.com/energox/assets/images/solution-leftsidecircle.png]
[html.designingmedia.com/energox/assets/images/solution-rightsidecircle.png]
[html.designingmedia.com/energox/assets/images/footer-applestore.png]
[html.designingmedia.com/energox/assets/images/footer-playstore.png]
[html.designingmedia.com/energox/assets/images/footer-phone1.png]
[html.designingmedia.com/energox/assets/images/footer-phone2.png]
[html.designingmedia.com/energox/index2.html]
[html.designingmedia.com/energox/service.html]
[html.designingmedia.com/energox/assets/images/team-image5.jpg]
[html.designingmedia.com/energox/assets/images/team-image6.jpg]
[html.designingmedia.com/energox/assets/images/team-image7.jpg]
[html.designingmedia.com/energox/assets/images/team-image8.jpg]
[html.designingmedia.com/energox/team.html]
[html.designingmedia.com/energox/pricing.html]
[html.designingmedia.com/energox/faq.html]
[html.designingmedia.com/energox/review.html]
[html.designingmedia.com/energox/assets/images/single-blog-tab-img1.jpg]
[html.designingmedia.com/energox/assets/images/single-blog-tab-img2.jpg]
[html.designingmedia.com/energox/assets/images/single-blog-tab-img3.jpg]
[html.designingmedia.com/energox/assets/images/single-blog-tab-img4.jpg]
[html.designingmedia.com/energox/assets/images/single-blog-tab-img5.jpg]
[html.designingmedia.com/energox/assets/images/single-blog-tab-img6.jpg]
[html.designingmedia.com/energox/assets/images/single-blog-tab-img7.jpg]
[html.designingmedia.com/energox/assets/images/single-blog-tab-img8.jpg]
[html.designingmedia.com/energox/assets/images/single-blog-tab-img9.jpg]
[html.designingmedia.com/energox/assets/images/single-blog-tab-img10.jpg]
[html.designingmedia.com/energox/blog.html]
[html.designingmedia.com/energox/assets/images/singleblog-image1.jpg]
[html.designingmedia.com/energox/assets/images/singleblog-quoteimage.png]
[html.designingmedia.com/energox/assets/images/singleblog-image2.jpg]
[html.designingmedia.com/energox/assets/images/singleblog-review1.png]
[html.designingmedia.com/energox/assets/images/singleblog-review2.png]
[html.designingmedia.com/energox/assets/images/singleblog-review3.png]
[html.designingmedia.com/energox/assets/images/singleblog-feed1.jpg]
[html.designingmedia.com/energox/assets/images/singleblog-feed2.jpg]
[html.designingmedia.com/energox/assets/images/singleblog-feed3.jpg]
[html.designingmedia.com/energox/assets/images/singleblog-feed4.jpg]
[html.designingmedia.com/energox/single-blog.html]
[html.designingmedia.com/energox/assets/images/standard_post_img01.jpg]
[html.designingmedia.com/energox/assets/images/standard_post_img02.jpg]
[html.designingmedia.com/energox/assets/images/standard_post_img04.jpg]
[html.designingmedia.com/energox/assets/images/standard_post_img06.jpg]
[html.designingmedia.com/energox/assets/images/standard_post_img03.jpg]
[html.designingmedia.com/energox/assets/images/blog-image4.jpg]
[html.designingmedia.com/energox/assets/js/loadmore.js]
[html.designingmedia.com/energox/load-more.html]
[html.designingmedia.com/energox/assets/images/post-featured.jpg]
[html.designingmedia.com/energox/assets/images/post-featured2.jpg]
[html.designingmedia.com/energox/assets/images/post-featured3.jpg]
[html.designingmedia.com/energox/assets/images/post-featured4.jpg]
[html.designingmedia.com/energox/one-column.html]
[html.designingmedia.com/energox/two-column.html]
[html.designingmedia.com/energox/assets/images/blog-image1.jpg]
[html.designingmedia.com/energox/assets/images/blog-image2.jpg]
[html.designingmedia.com/energox/assets/images/blog-image3.jpg]
[html.designingmedia.com/energox/three-column.html]
[html.designingmedia.com/energox/assets/images/standard_post_img05.jpg]
[html.designingmedia.com/energox/assets/images/side_post_img01.jpg]
[html.designingmedia.com/energox/assets/images/side_post_img02.jpg]
[html.designingmedia.com/energox/assets/images/side_post_img03.jpg]
[html.designingmedia.com/energox/three-colum-sidbar.html]
[html.designingmedia.com/energox/four-column.html]
[html.designingmedia.com/energox/six-colum-full-wide.html]
[html.designingmedia.com/energox/assets/images/contact-icon1.png]
[html.designingmedia.com/energox/assets/images/contact-icon2.png]
[html.designingmedia.com/energox/assets/images/contact-icon3.png]
[html.designingmedia.com/energox/assets/js/contact-form.js]
[html.designingmedia.com/energox/assets/js/contact-validate.js]
[html.designingmedia.com/energox/contact.html]
[html.designingmedia.com/energox/assets/images/close.html]
[html.designingmedia.com/energox/assets/css/owl.video.play.html]
[html.designingmedia.com/energox/assets/images/service_detail_image.jpg]
[html.designingmedia.com/energox/service-detail.html]
[html.designingmedia.com/energox/assets/images/single-blog-prev-image.png]
[html.designingmedia.com/energox/assets/images/single-blog-next-image.png]
[html.designingmedia.com/energox/assets/images/single-blog-prev-imagehover.png]
[html.designingmedia.com/energox/assets/images/single-blog-next-imagehover.png]
[html.designingmedia.com/energox/assets/css/blog.css]
[html.designingmedia.com/energox/assets/images/review-bg.html]
